
> app@1.0.0 web
> expo start --web

Starting project at /app
React Compiler enabled
Starting Metro Bundler
The following packages should be updated for best compatibility with the installed expo version:
  react-native-svg@15.15.3 - expected version: 15.12.1
Your project may not work correctly until you install the expected versions of the packages.
Waiting on http://localhost:8081
Logs for your project will appear below.
Web node_modules/expo-router/entry.js ░░░░░░░░░░░░░░░░  0.0% (0/1)
Web node_modules/expo-router/entry.js ▓▓▓▓░░░░░░░░░░░░ 25.0% (16/92)
λ node_modules/expo-router/node/render.js ▓▓░░░░░░░░░░░░░░ 16.2% (111/276)
Web node_modules/expo-router/entry.js ▓▓▓▓░░░░░░░░░░░░ 26.3% ( 99/193)
λ node_modules/expo-router/node/render.js ▓▓▓▓▓▓░░░░░░░░░░ 43.4% (309/469)
Web node_modules/expo-router/entry.js ▓▓▓▓▓▓▓░░░░░░░░░ 49.0% (284/417)
λ node_modules/expo-router/node/render.js ▓▓▓▓▓▓▓▓▓▓░░░░░░ 68.3% (501/606)
Web node_modules/expo-router/entry.js ▓▓▓▓▓▓▓▓░░░░░░░░ 55.9% (435/593)
λ node_modules/expo-router/node/render.js ▓▓▓▓▓▓▓▓▓▓▓░░░░░ 74.3% (610/710)
Web node_modules/expo-router/entry.js ▓▓▓▓▓▓▓▓▓▓▓▓▓▓▓░ 94.2% (794/841)
λ node_modules/expo-router/node/render.js ▓▓▓▓▓▓▓▓▓▓▓▓▓▓▓░ 97.9% (830/839)
λ Bundled 18563ms node_modules/expo-router/node/render.js (855 modules)
Web Bundled 19518ms node_modules/expo-router/entry.js (904 modules)
Web node_modules/expo-router/entry.js ▓▓▓▓░░░░░░░░░░░░ 26.9% (151/308)
Web node_modules/expo-router/entry.js ▓▓▓▓▓▓▓▓▓░░░░░░░ 61.7% (549/699)
Web Bundled 7320ms node_modules/expo-router/entry.js (906 modules)
 LOG  [web] Logs will appear in the browser console
Web node_modules/expo-router/entry.js ░░░░░░░░░░░░░░░░  0.0% (0/1)
λ Bundled 33ms node_modules/expo-router/node/render.js (1 module)
Web Bundled 358ms node_modules/expo-router/entry.js (1 module)
Web Bundled 41ms node_modules/expo-router/entry.js (1 module)
 LOG  [web] Logs will appear in the browser console
